{"cycles":[{"name":"bar","path":"testdata/triangle/bar","imports":{"testdata/triangle/foo":{"name":"testdata/triangle/foo","nameShort":"foo","alias":null}},"files":[{"path":"testdata/triangle/bar/bar.go","imports":[{"name":"testdata/triangle/foo","nameShort":"foo","alias":null}]}],"haveCycle":false},{"name":"baz","path":"testdata/triangle/baz","imports":{"testdata/triangle/bar":{"name":"testdata/triangle/bar","nameShort":"bar","alias":null}},"files":[{"path":"testdata/triangle/baz/baz.go","imports":[{"name":"testdata/triangle/bar","nameShort":"bar","alias":null}]}],"haveCycle":false}],"metadata":{"cycles":[]}}
