Found 3 cycles

bar -> foo -> baz -> bar
baz -> bar -> foo -> baz
foo -> baz -> bar -> foo

Details

[bar -> foo] "testdata/triangle/foo"
   testdata/triangle/bar/bar.go

[baz -> bar] "testdata/triangle/bar"
   testdata/triangle/baz/baz.go

[foo -> baz] "testdata/triangle/baz"
   testdata/triangle/foo/foo.go
