Found 2 cycles

left -> right -> left
right -> left -> right

Details

[left -> right] "testdata/excludeDirs/right"
   testdata/excludeDirs/left/left.go

[right -> left] "testdata/excludeDirs/left"
   testdata/excludeDirs/right/right.go
[right -> back] "back"
   testdata/excludeDirs/right/right.go
[right -> front] "front"
   testdata/excludeDirs/right/right.go


[front -> back] "back"
   testdata/excludeDirs/vendor/front/front.go
