bar
  testdata/notAffectedFiles/bar/bar.go
  C  "testdata/notAffectedFiles/baz"
  testdata/notAffectedFiles/bar/clean.go
     "testdata/notAffectedFiles/foo"

baz
  testdata/notAffectedFiles/baz/baz.go
  C  "testdata/notAffectedFiles/bar"
     "testdata/notAffectedFiles/foo"

foo
  testdata/notAffectedFiles/foo/foo.go

