{"cycles":[{"name":"bar","path":"testdata/diagonal/bar","imports":{"testdata/diagonal/foo":{"name":"testdata/diagonal/foo","nameShort":"foo","alias":null}},"files":[{"path":"testdata/diagonal/bar/bar.go","imports":[{"name":"testdata/diagonal/foo","nameShort":"foo","alias":null}]}],"haveCycle":false},{"name":"baz","path":"testdata/diagonal/baz","imports":{"testdata/diagonal/bar":{"name":"testdata/diagonal/bar","nameShort":"bar","alias":null}},"files":[{"path":"testdata/diagonal/baz/baz.go","imports":[{"name":"testdata/diagonal/bar","nameShort":"bar","alias":null}]}],"haveCycle":false},{"name":"pas","path":"testdata/diagonal/pas","imports":{"testdata/diagonal/baz":{"name":"testdata/diagonal/baz","nameShort":"baz","alias":null}},"files":[{"path":"testdata/diagonal/pas/pas.go","imports":[{"name":"testdata/diagonal/baz","nameShort":"baz","alias":null}]}],"haveCycle":false}],"metadata":{"cycles":[]}}
